Сообщение 156, уровень 15, состояние 1, строка 5
Неправильный синтаксис около ключевого слова "IDENTITY".
Сообщение 319, уровень 15, состояние 1, строка 5
Неправильный синтаксис около ключевого слова "with". Если эта инструкция является обобщенным табличным выражением, предложением xmlnamespaces или предложением в контексте отслеживания изменений, предыдущую инструкцию необходимо завершить точкой с запятой.
Сообщение 102, уровень 15, состояние 1, строка 15
Неправильный синтаксис около конструкции "1992-01-04".
Сообщение 102, уровень 15, состояние 1, строка 16
Неправильный синтаксис около конструкции "1985-02-05".
Сообщение 102, уровень 15, состояние 1, строка 17
Неправильный синтаксис около конструкции "1997-08-08".
Сообщение 102, уровень 15, состояние 1, строка 18
Неправильный синтаксис около конструкции "1997-08-26".
Сообщение 102, уровень 15, состояние 1, строка 19
Неправильный синтаксис около конструкции "1992-01-18".
Сообщение 102, уровень 15, состояние 1, строка 20
Неправильный синтаксис около конструкции "1991-08-18".
Сообщение 102, уровень 15, состояние 1, строка 21
Неправильный синтаксис около конструкции "1993-12-05".
Сообщение 102, уровень 15, состояние 1, строка 22
Неправильный синтаксис около конструкции "1997-01-19".
Сообщение 102, уровень 15, состояние 1, строка 23
Неправильный синтаксис около конструкции "1997-12-04".
Сообщение 102, уровень 15, состояние 1, строка 24
Неправильный синтаксис около конструкции "1987-06-20".
Сообщение 102, уровень 15, состояние 1, строка 25
Неправильный синтаксис около конструкции "2000-12-06".
Сообщение 102, уровень 15, состояние 1, строка 26
Неправильный синтаксис около конструкции "1999-10-21".
Сообщение 102, уровень 15, состояние 1, строка 27
Неправильный синтаксис около конструкции "1987-02-20".
Сообщение 102, уровень 15, состояние 1, строка 28
Неправильный синтаксис около конструкции "1986-10-03".
Сообщение 102, уровень 15, состояние 1, строка 29
Неправильный синтаксис около конструкции "1994-05-08".
Сообщение 102, уровень 15, состояние 1, строка 30
Неправильный синтаксис около конструкции "1983-10-16".
Сообщение 102, уровень 15, состояние 1, строка 31
Неправильный синтаксис около конструкции "1984-08-19".
Сообщение 102, уровень 15, состояние 1, строка 32
Неправильный синтаксис около конструкции "1981-02-25".
Сообщение 102, уровень 15, состояние 1, строка 33
Неправильный синтаксис около конструкции "1966-12-05".
Сообщение 102, уровень 15, состояние 1, строка 34
Неправильный синтаксис около конструкции "2000-12-15".
Сообщение 102, уровень 15, состояние 1, строка 35
Неправильный синтаксис около конструкции "2002-02-27".

Время выполнения: 2021-03-14T15:38:09.9675365+03:00
